// Jest Snapshot v1, https://goo.gl/fbAQLP

exports[`header component renders Header 1`] = `
<ContextProvider
  value={
    Object {
      "dispatch": [Function],
      "state": Object {
        "list": Array [],
        "pageNum": 1,
        "theme": "light",
        "totalCount": 964,
      },
    }
  }
>
  <button
    name="next"
    onClick={[Function]}
  >
    Next
  </button>
  <Header />
</ContextProvider>
`;
